Script started on Thu 22 Aug 2019 06:58:03 PM UTC
[root@lvm var]# su

[root@lvm var]# su -
vexit
[root@lvm var]# lsblk
NAME                     MAJ:MIN RM  SIZE RO TYPE MOUNTPOINT
sda                        8:0    0   40G  0 disk 
â”œâ”€sda1                     8:1    0    1M  0 part 
â”œâ”€sda2                     8:2    0    1G  0 part /boot
â””â”€sda3                     8:3    0   39G  0 part 
  â”œâ”€VolGroup00-LogVol00  253:0    0    8G  0 lvm  /
  â””â”€VolGroup00-LogVol01  253:1    0  1.5G  0 lvm  [SWAP]
sdb                        8:16   0   10G  0 disk 
â””â”€vg_root-lv_root        253:2    0   10G  0 lvm  
sdc                        8:32   0    2G  0 disk 
â”œâ”€vg_var-lv_var_rmeta_0  253:3    0    4M  0 lvm  
â”‚ â””â”€vg_var-lv_var        253:7    0  952M  0 lvm  /var
â””â”€vg_var-lv_var_rimage_0 253:4    0  952M  0 lvm  
  â””â”€vg_var-lv_var        253:7    0  952M  0 lvm  /var
sdd                        8:48   0    1G  0 disk 
â”œâ”€vg_var-lv_var_rmeta_1  253:5    0    4M  0 lvm  
â”‚ â””â”€vg_var-lv_var        253:7    0  952M  0 lvm  /var
â””â”€vg_var-lv_var_rimage_1 253:6    0  952M  0 lvm  
  â””â”€vg_var-lv_var        253:7    0  952M  0 lvm  /var
sde                        8:64   0    1G  0 disk 
[root@lvm var]#  lvremove /dev/vg_root/lv_root
Do you really want to remove active logical volume vg_root/lv_root? [y/n]: y
  Logical volume "lv_root" successfully removed
[root@lvm var]# vgremove /dev/vg_root/
  Invalid volume group name vg_root/.
  Run `vgremove --help' for more information.
[root@lvm var]# y
bash: y: command not found
[root@lvm var]# yvgremove /dev/vg_root/[C[C[C[C[C[C[C[C[C[C[C[C[C[C[C[C[K
  Volume group "vg_root" successfully removed
[root@lvm var]#  lvcreate -n LogVol_Home -L 2G /dev/VolGroup00
  Logical volume "LogVol_Home" created.
[root@lvm var]#  mkfs.xfs /dev/VolGroup00/LogVol_Home
meta-data=/dev/VolGroup00/LogVol_Home isize=512    agcount=4, agsize=131072 blks
         =                       sectsz=512   attr=2, projid32bit=1
         =                       crc=1        finobt=0, sparse=0
data     =                       bsize=4096   blocks=524288, imaxpct=25
         =                       sunit=0      swidth=0 blks
naming   =version 2              bsize=4096   ascii-ci=0 ftype=1
log      =internal log           bsize=4096   blocks=2560, version=2
         =                       sectsz=512   sunit=0 blks, lazy-count=1
realtime =none                   extsz=4096   blocks=0, rtextents=0
[root@lvm var]#  mount /dev/VolGroup00/LogVol_Home /mnt/
[root@lvm var]#  cp -aR /home/* /mnt/ 
[root@lvm var]# rm -rf /home/*
rm: cannot remove â€˜/home/vagrant/testâ€™: Device or resource busy
[root@lvm var]# umount /home/vagrant/test
[root@lvm var]# rm -rf /home/*
[root@lvm var]# umount /mnt
[root@lvm var]# mount /dev/VolGroup00/LogVol_Home /home/
[root@lvm var]#  echo "`blkid | grep Home | awk '{print $2}'` /home xfs defaults 0 0" >> /etc/fstab
[root@lvm var]# touch /home/file{1..20}
[root@lvm var]#  lvcreate -L 100MB -s -n home_snap /dev/VolGroup00/LogVol_Home
  Rounding up size to full physical extent 128.00 MiB
  Logical volume "home_snap" created.
[root@lvm var]# lsblk
NAME                            MAJ:MIN RM  SIZE RO TYPE MOUNTPOINT
sda                               8:0    0   40G  0 disk 
â”œâ”€sda1                            8:1    0    1M  0 part 
â”œâ”€sda2                            8:2    0    1G  0 part /boot
â””â”€sda3                            8:3    0   39G  0 part 
  â”œâ”€VolGroup00-LogVol00         253:0    0    8G  0 lvm  /
  â”œâ”€VolGroup00-LogVol01         253:1    0  1.5G  0 lvm  [SWAP]
  â”œâ”€VolGroup00-LogVol_Home-real 253:8    0    2G  0 lvm  
  â”‚ â”œâ”€VolGroup00-LogVol_Home    253:2    0    2G  0 lvm  /home
  â”‚ â””â”€VolGroup00-home_snap      253:10   0    2G  0 lvm  
  â””â”€VolGroup00-home_snap-cow    253:9    0  128M  0 lvm  
    â””â”€VolGroup00-home_snap      253:10   0    2G  0 lvm  
sdb                               8:16   0   10G  0 disk 
sdc                               8:32   0    2G  0 disk 
â”œâ”€vg_var-lv_var_rmeta_0         253:3    0    4M  0 lvm  
â”‚ â””â”€vg_var-lv_var               253:7    0  952M  0 lvm  /var
â””â”€vg_var-lv_var_rimage_0        253:4    0  952M  0 lvm  
  â””â”€vg_var-lv_var               253:7    0  952M  0 lvm  /var
sdd                               8:48   0    1G  0 disk 
â”œâ”€vg_var-lv_var_rmeta_1         253:5    0    4M  0 lvm  
â”‚ â””â”€vg_var-lv_var               253:7    0  952M  0 lvm  /var
â””â”€vg_var-lv_var_rimage_1        253:6    0  952M  0 lvm  
  â””â”€vg_var-lv_var               253:7    0  952M  0 lvm  /var
sde                               8:64   0    1G  0 disk 
[root@lvm var]# cat /etc/d[Kfstab

#
# /etc/fstab
# Created by anaconda on Sat May 12 18:50:26 2018
#
# Accessible filesystems, by reference, are maintained under '/dev/disk'
# See man pages fstab(5), findfs(8), mount(8) and/or blkid(8) for more info
#
/dev/mapper/VolGroup00-LogVol00 /                       xfs     defaults        0 0
UUID=570897ca-e759-4c81-90cf-389da6eee4cc /boot                   xfs     defaults        0 0
/dev/mapper/VolGroup00-LogVol01 swap                    swap    defaults        0 0
UUID="4fdc89c6-c9f5-45f9-9fb2-343930708055" /var ext4 defaults 0 0
UUID="23ad1412-afb4-420d-af75-15864daa412c" /home xfs defaults 0 0
[root@lvm var]# ll .[K/home
total 8
-rw-r--r--. 1 root    root       0 Aug 22 19:00 file1
-rw-r--r--. 1 root    root       0 Aug 22 19:00 file10
-rw-r--r--. 1 root    root       0 Aug 22 19:00 file11
-rw-r--r--. 1 root    root       0 Aug 22 19:00 file12
-rw-r--r--. 1 root    root       0 Aug 22 19:00 file13
-rw-r--r--. 1 root    root       0 Aug 22 19:00 file14
-rw-r--r--. 1 root    root       0 Aug 22 19:00 file15
-rw-r--r--. 1 root    root       0 Aug 22 19:00 file16
-rw-r--r--. 1 root    root       0 Aug 22 19:00 file17
-rw-r--r--. 1 root    root       0 Aug 22 19:00 file18
-rw-r--r--. 1 root    root       0 Aug 22 19:00 file19
-rw-r--r--. 1 root    root       0 Aug 22 19:00 file2
-rw-r--r--. 1 root    root       0 Aug 22 19:00 file20
-rw-r--r--. 1 root    root       0 Aug 22 19:00 file3
-rw-r--r--. 1 root    root       0 Aug 22 19:00 file4
-rw-r--r--. 1 root    root       0 Aug 22 19:00 file5
-rw-r--r--. 1 root    root       0 Aug 22 19:00 file6
-rw-r--r--. 1 root    root       0 Aug 22 19:00 file7
-rw-r--r--. 1 root    root       0 Aug 22 19:00 file8
-rw-r--r--. 1 root    root       0 Aug 22 19:00 file9
-rw-r--r--. 1 root    root    8192 Aug 22 17:13 lvm1.log
drwx------. 7 vagrant vagrant  166 Aug 22 17:21 [0m[01;34mvagrant[0m
[root@lvm var]#  rm -f /home/file{11..20}
[root@lvm var]#  rm -f /home/file{11..20}[C[C[C[C[C[C[C[C[C[C[C[C[C[C[C[Cll /home[K
total 8
-rw-r--r--. 1 root    root       0 Aug 22 19:00 file1
-rw-r--r--. 1 root    root       0 Aug 22 19:00 file10
-rw-r--r--. 1 root    root       0 Aug 22 19:00 file2
-rw-r--r--. 1 root    root       0 Aug 22 19:00 file3
-rw-r--r--. 1 root    root       0 Aug 22 19:00 file4
-rw-r--r--. 1 root    root       0 Aug 22 19:00 file5
-rw-r--r--. 1 root    root       0 Aug 22 19:00 file6
-rw-r--r--. 1 root    root       0 Aug 22 19:00 file7
-rw-r--r--. 1 root    root       0 Aug 22 19:00 file8
-rw-r--r--. 1 root    root       0 Aug 22 19:00 file9
-rw-r--r--. 1 root    root    8192 Aug 22 17:13 lvm1.log
drwx------. 7 vagrant vagrant  166 Aug 22 17:21 [0m[01;34mvagrant[0m
[root@lvm var]# umount /home
[root@lvm var]# lvconvert --merge /dev/VolGroup00/home_snap
  Merging of volume VolGroup00/home_snap started.
  VolGroup00/LogVol_Home: Merged: 100.00%
[root@lvm var]# mount /home
[root@lvm var]# mc[K[Kexi[K[K[Klsblk
NAME                       MAJ:MIN RM  SIZE RO TYPE MOUNTPOINT
sda                          8:0    0   40G  0 disk 
â”œâ”€sda1                       8:1    0    1M  0 part 
â”œâ”€sda2                       8:2    0    1G  0 part /boot
â””â”€sda3                       8:3    0   39G  0 part 
  â”œâ”€VolGroup00-LogVol00    253:0    0    8G  0 lvm  /
  â”œâ”€VolGroup00-LogVol01    253:1    0  1.5G  0 lvm  [SWAP]
  â””â”€VolGroup00-LogVol_Home 253:2    0    2G  0 lvm  /home
sdb                          8:16   0   10G  0 disk 
sdc                          8:32   0    2G  0 disk 
â”œâ”€vg_var-lv_var_rmeta_0    253:3    0    4M  0 lvm  
â”‚ â””â”€vg_var-lv_var          253:7    0  952M  0 lvm  /var
â””â”€vg_var-lv_var_rimage_0   253:4    0  952M  0 lvm  
  â””â”€vg_var-lv_var          253:7    0  952M  0 lvm  /var
sdd                          8:48   0    1G  0 disk 
â”œâ”€vg_var-lv_var_rmeta_1    253:5    0    4M  0 lvm  
â”‚ â””â”€vg_var-lv_var          253:7    0  952M  0 lvm  /var
â””â”€vg_var-lv_var_rimage_1   253:6    0  952M  0 lvm  
  â””â”€vg_var-lv_var          253:7    0  952M  0 lvm  /var
sde                          8:64   0    1G  0 disk 
[root@lvm var]# /[Kll/[K /j[Khome
total 8
-rw-r--r--. 1 root    root       0 Aug 22 19:00 file1
-rw-r--r--. 1 root    root       0 Aug 22 19:00 file10
-rw-r--r--. 1 root    root       0 Aug 22 19:00 file11
-rw-r--r--. 1 root    root       0 Aug 22 19:00 file12
-rw-r--r--. 1 root    root       0 Aug 22 19:00 file13
-rw-r--r--. 1 root    root       0 Aug 22 19:00 file14
-rw-r--r--. 1 root    root       0 Aug 22 19:00 file15
-rw-r--r--. 1 root    root       0 Aug 22 19:00 file16
-rw-r--r--. 1 root    root       0 Aug 22 19:00 file17
-rw-r--r--. 1 root    root       0 Aug 22 19:00 file18
-rw-r--r--. 1 root    root       0 Aug 22 19:00 file19
-rw-r--r--. 1 root    root       0 Aug 22 19:00 file2
-rw-r--r--. 1 root    root       0 Aug 22 19:00 file20
-rw-r--r--. 1 root    root       0 Aug 22 19:00 file3
-rw-r--r--. 1 root    root       0 Aug 22 19:00 file4
-rw-r--r--. 1 root    root       0 Aug 22 19:00 file5
-rw-r--r--. 1 root    root       0 Aug 22 19:00 file6
-rw-r--r--. 1 root    root       0 Aug 22 19:00 file7
-rw-r--r--. 1 root    root       0 Aug 22 19:00 file8
-rw-r--r--. 1 root    root       0 Aug 22 19:00 file9
-rw-r--r--. 1 root    root    8192 Aug 22 17:13 lvm1.log
drwx------. 7 vagrant vagrant  166 Aug 22 17:21 [0m[01;34mvagrant[0m
[root@lvm var]# exit
exit

Script done on Thu 22 Aug 2019 07:02:40 PM UTC
